AR calc_top behavioral C:/Users/s246132/Xilinx_Projects/MyFPGAProject/Calc_Projekt/Calc_top.vhd sub00/vhpl17 1746037376
EN sevenseg4 NULL C:/Users/s246132/Xilinx_Projects/MyFPGAProject/Calc_Projekt/SevenSeg4.vhd sub00/vhpl08 1746037367
EN calc_data_topmudule NULL C:/Users/s246132/Xilinx_Projects/MyFPGAProject/Calc_Projekt/Calc_data_topmudule.vhd sub00/vhpl14 1746037373
AR std_16bit_reg behavioral C:/Users/s246132/Xilinx_Projects/MyFPGAProject/Calc_Projekt/std_16bit_reg.vhd sub00/vhpl05 1746037364
AR calc_menu behavioral C:/Users/s246132/Xilinx_Projects/MyFPGAProject/Calc_Projekt/Calc_Menu.vhd sub00/vhpl13 1746037372
AR std_8bit_reg behavioral C:/Users/s246132/Xilinx_Projects/MyFPGAProject/Calc_Projekt/std_8bit_reg.vhd sub00/vhpl03 1746037362
EN std_8bit_reg NULL C:/Users/s246132/Xilinx_Projects/MyFPGAProject/Calc_Projekt/std_8bit_reg.vhd sub00/vhpl02 1746037361
EN debounce NULL C:/Users/s246132/Xilinx_Projects/MyFPGAProject/Calc_Projekt/Debounce_corrected.vhd sub00/vhpl10 1746037369
EN div_component NULL C:/Users/s246132/Xilinx_Projects/MyFPGAProject/Calc_Projekt/div_compoent.vhd sub00/vhpl00 1746037359
EN std_16bit_reg NULL C:/Users/s246132/Xilinx_Projects/MyFPGAProject/Calc_Projekt/std_16bit_reg.vhd sub00/vhpl04 1746037363
EN calc_menu NULL C:/Users/s246132/Xilinx_Projects/MyFPGAProject/Calc_Projekt/Calc_Menu.vhd sub00/vhpl12 1746037371
AR debounce behavioral C:/Users/s246132/Xilinx_Projects/MyFPGAProject/Calc_Projekt/Debounce_corrected.vhd sub00/vhpl11 1746037370
EN calc_top NULL C:/Users/s246132/Xilinx_Projects/MyFPGAProject/Calc_Projekt/Calc_top.vhd sub00/vhpl16 1746037375
EN divclk NULL C:/Users/s246132/Xilinx_Projects/MyFPGAProject/Calc_Projekt/DivClk.vhd sub00/vhpl06 1746037365
AR sevenseg4 sevenseg_arch C:/Users/s246132/Xilinx_Projects/MyFPGAProject/Calc_Projekt/SevenSeg4.vhd sub00/vhpl09 1746037368
AR div_component behavioral C:/Users/s246132/Xilinx_Projects/MyFPGAProject/Calc_Projekt/div_compoent.vhd sub00/vhpl01 1746037360
AR calc_data_topmudule behavioral C:/Users/s246132/Xilinx_Projects/MyFPGAProject/Calc_Projekt/Calc_data_topmudule.vhd sub00/vhpl15 1746037374
AR divclk divclk_arch C:/Users/s246132/Xilinx_Projects/MyFPGAProject/Calc_Projekt/DivClk.vhd sub00/vhpl07 1746037366
