EN wird_8bit_reg NULL C:/Users/s246132/Xilinx_Projects/MyFPGAProject/Calc_Projekt/wird_8bit_reg.vhd sub00/vhpl06 1745854511
AR calc_top behavioral C:/Users/s246132/Xilinx_Projects/MyFPGAProject/Calc_Projekt/Calc_top.vhd sub00/vhpl15 1745926246
EN sevenseg4 NULL C:/Users/s246132/Xilinx_Projects/MyFPGAProject/Calc_Projekt/SevenSeg4.vhd sub00/vhpl10 1745926239
AR std_16bit_reg behavioral C:/Users/s246132/Xilinx_Projects/MyFPGAProject/Calc_Projekt/std_16bit_reg.vhd sub00/vhpl04 1745926236
AR calc_menu behavioral C:/Users/s246132/Xilinx_Projects/MyFPGAProject/Calc_Projekt/Calc_Menu.vhd sub00/vhpl05 1745926244
AR std_8bit_reg behavioral C:/Users/s246132/Xilinx_Projects/MyFPGAProject/Calc_Projekt/std_8bit_reg.vhd sub00/vhpl02 1745926234
AR wird_8bit_reg behavioral C:/Users/s246132/Xilinx_Projects/MyFPGAProject/Calc_Projekt/wird_8bit_reg.vhd sub00/vhpl07 1745854512
EN std_8bit_reg NULL C:/Users/s246132/Xilinx_Projects/MyFPGAProject/Calc_Projekt/std_8bit_reg.vhd sub00/vhpl01 1745926233
EN debounce NULL C:/Users/s246132/Xilinx_Projects/MyFPGAProject/Calc_Projekt/Debounce_corrected.vhd sub00/vhpl12 1745926241
EN std_16bit_reg NULL C:/Users/s246132/Xilinx_Projects/MyFPGAProject/Calc_Projekt/std_16bit_reg.vhd sub00/vhpl03 1745926235
EN calc_menu NULL C:/Users/s246132/Xilinx_Projects/MyFPGAProject/Calc_Projekt/Calc_Menu.vhd sub00/vhpl00 1745926243
AR debounce behavioral C:/Users/s246132/Xilinx_Projects/MyFPGAProject/Calc_Projekt/Debounce_corrected.vhd sub00/vhpl13 1745926242
EN calc_top NULL C:/Users/s246132/Xilinx_Projects/MyFPGAProject/Calc_Projekt/Calc_top.vhd sub00/vhpl14 1745926245
EN divclk NULL C:/Users/s246132/Xilinx_Projects/MyFPGAProject/Calc_Projekt/DivClk.vhd sub00/vhpl08 1745926237
AR sevenseg4 sevenseg_arch C:/Users/s246132/Xilinx_Projects/MyFPGAProject/Calc_Projekt/SevenSeg4.vhd sub00/vhpl11 1745926240
AR divclk divclk_arch C:/Users/s246132/Xilinx_Projects/MyFPGAProject/Calc_Projekt/DivClk.vhd sub00/vhpl09 1745926238
