--------------------------------------------------------------------------------
Release 14.7 Trace  (lin64)
Copyright (c) 1995-2013 Xilinx, Inc.  All rights reserved.

/opt/Xilinx/14.7/ISE_DS/ISE/bin/lin64/unwrapped/trce -intstyle ise -v 3 -s 4 -n
3 -fastpaths -xml Calc_Top.twx Calc_Top.ncd -o Calc_Top.twr Calc_Top.pcf -ucf
Map.ucf

Design file:              Calc_Top.ncd
Physical constraint file: Calc_Top.pcf
Device,package,speed:     xc3s100e,cp132,-4 (PRODUCTION 1.27 2013-10-13)
Report level:             verbose report

Environment Variable      Effect 
--------------------      ------ 
NONE                      No environment variables were set
--------------------------------------------------------------------------------

INFO:Timing:2698 - No timing constraints found, doing default enumeration.
INFO:Timing:3412 - To improve timing, see the Timing Closure User Guide (UG612).
INFO:Timing:2752 - To get complete path coverage, use the unconstrained paths 
   option. All paths that are not constrained will be reported in the 
   unconstrained paths section(s) of the report.
INFO:Timing:3339 - The clock-to-out numbers in this timing report are based on 
   a 50 Ohm transmission line loading model.  For the details of this model, 
   and for more information on accounting for different loading conditions, 
   please see the device datasheet.
INFO:Timing:3390 - This architecture does not support a default System Jitter 
   value, please add SYSTEM_JITTER constraint to the UCF to modify the Clock 
   Uncertainty calculation.
INFO:Timing:3389 - This architecture does not support 'Discrete Jitter' and 
   'Phase Error' calculations, these terms will be zero in the Clock 
   Uncertainty calculation.  Please make appropriate modification to 
   SYSTEM_JITTER to account for the unsupported Discrete Jitter and Phase 
   Error.



Data Sheet report:
-----------------
All values displayed in nanoseconds (ns)

Setup/Hold to clock MClk
------------+------------+------------+------------------+--------+
            |Max Setup to|Max Hold to |                  | Clock  |
Source      | clk (edge) | clk (edge) |Internal Clock(s) | Phase  |
------------+------------+------------+------------------+--------+
BTN0        |    3.568(R)|    0.726(R)|MClk_BUFGP        |   0.000|
BTN1        |    0.330(R)|    0.916(R)|MClk_BUFGP        |   0.000|
BTN2        |    0.737(R)|    0.593(R)|MClk_BUFGP        |   0.000|
SW<0>       |    1.345(R)|    0.880(R)|MClk_BUFGP        |   0.000|
SW<1>       |    1.791(R)|    0.252(R)|MClk_BUFGP        |   0.000|
SW<2>       |    1.719(R)|    0.443(R)|MClk_BUFGP        |   0.000|
SW<3>       |    2.046(R)|    0.370(R)|MClk_BUFGP        |   0.000|
SW<4>       |    0.407(R)|    1.121(R)|MClk_BUFGP        |   0.000|
SW<5>       |    1.027(R)|    0.832(R)|MClk_BUFGP        |   0.000|
SW<6>       |    2.198(R)|    0.563(R)|MClk_BUFGP        |   0.000|
SW<7>       |    0.479(R)|    1.104(R)|MClk_BUFGP        |   0.000|
------------+------------+------------+------------------+--------+

Clock MClk to Pad
------------+------------+------------------+--------+
            | clk (edge) |                  | Clock  |
Destination |   to PAD   |Internal Clock(s) | Phase  |
------------+------------+------------------+--------+
Cat<0>      |   16.603(R)|MClk_BUFGP        |   0.000|
Cat<1>      |   16.316(R)|MClk_BUFGP        |   0.000|
Cat<2>      |   16.916(R)|MClk_BUFGP        |   0.000|
Cat<3>      |   16.535(R)|MClk_BUFGP        |   0.000|
Cat<4>      |   17.406(R)|MClk_BUFGP        |   0.000|
Cat<5>      |   16.898(R)|MClk_BUFGP        |   0.000|
Cat<6>      |   16.538(R)|MClk_BUFGP        |   0.000|
ld<0>       |    7.737(R)|MClk_BUFGP        |   0.000|
ld<1>       |    9.001(R)|MClk_BUFGP        |   0.000|
ld<2>       |    8.705(R)|MClk_BUFGP        |   0.000|
ld<3>       |    8.130(R)|MClk_BUFGP        |   0.000|
ld<4>       |    8.418(R)|MClk_BUFGP        |   0.000|
ld<5>       |    7.743(R)|MClk_BUFGP        |   0.000|
ld<6>       |    7.101(R)|MClk_BUFGP        |   0.000|
ld<7>       |    8.706(R)|MClk_BUFGP        |   0.000|
------------+------------+------------------+--------+

Clock to Setup on destination clock MClk
---------------+---------+---------+---------+---------+
               | Src:Rise| Src:Fall| Src:Rise| Src:Fall|
Source Clock   |Dest:Rise|Dest:Rise|Dest:Fall|Dest:Fall|
---------------+---------+---------+---------+---------+
MClk           |    7.228|         |         |         |
---------------+---------+---------+---------+---------+


Analysis completed Thu May  8 21:36:28 2025 
--------------------------------------------------------------------------------

Trace Settings:
-------------------------
Trace Settings 

Peak Memory Usage: 324 MB



