Release 14.1 - xst P.15xf (nt64)
Copyright (c) 1995-2012 Xilinx, Inc.  All rights reserved.
--> Parameter TMPDIR set to xst/projnav.tmp


Total REAL time to Xst completion: 1.00 secs
Total CPU time to Xst completion: 0.20 secs
 
--> Parameter xsthdpdir set to xst


Total REAL time to Xst completion: 1.00 secs
Total CPU time to Xst completion: 0.21 secs
 
--> Reading design: Calc_Menu.prj

TABLE OF CONTENTS
  1) Synthesis Options Summary
  2) HDL Compilation
  3) Design Hierarchy Analysis
  4) HDL Analysis
  5) HDL Synthesis
     5.1) HDL Synthesis Report
  6) Advanced HDL Synthesis
     6.1) Advanced HDL Synthesis Report
  7) Low Level Synthesis
  8) Partition Report
  9) Final Report
	9.1) Device utilization summary
	9.2) Partition Resource Summary
	9.3) TIMING REPORT


=========================================================================
*                      Synthesis Options Summary                        *
=========================================================================
---- Source Parameters
Input File Name                    : "Calc_Menu.prj"
Input Format                       : mixed
Ignore Synthesis Constraint File   : NO

---- Target Parameters
Output File Name                   : "Calc_Menu"
Output Format                      : NGC
Target Device                      : xc3s100e-4-cp132

---- Source Options
Top Module Name                    : Calc_Menu
Automatic FSM Extraction           : YES
FSM Encoding Algorithm             : Auto
Safe Implementation                : No
FSM Style                          : LUT
RAM Extraction                     : Yes
RAM Style                          : Auto
ROM Extraction                     : Yes
Mux Style                          : Auto
Decoder Extraction                 : YES
Priority Encoder Extraction        : Yes
Shift Register Extraction          : YES
Logical Shifter Extraction         : YES
XOR Collapsing                     : YES
ROM Style                          : Auto
Mux Extraction                     : Yes
Resource Sharing                   : YES
Asynchronous To Synchronous        : NO
Multiplier Style                   : Auto
Automatic Register Balancing       : No

---- Target Options
Add IO Buffers                     : YES
Global Maximum Fanout              : 100000
Add Generic Clock Buffer(BUFG)     : 24
Register Duplication               : YES
Slice Packing                      : YES
Optimize Instantiated Primitives   : NO
Use Clock Enable                   : Yes
Use Synchronous Set                : Yes
Use Synchronous Reset              : Yes
Pack IO Registers into IOBs        : Auto
Equivalent register Removal        : YES

---- General Options
Optimization Goal                  : Speed
Optimization Effort                : 1
Keep Hierarchy                     : No
Netlist Hierarchy                  : As_Optimized
RTL Output                         : Yes
Global Optimization                : AllClockNets
Read Cores                         : YES
Write Timing Constraints           : NO
Cross Clock Analysis               : NO
Hierarchy Separator                : /
Bus Delimiter                      : <>
Case Specifier                     : Maintain
Slice Utilization Ratio            : 100
BRAM Utilization Ratio             : 100
Verilog 2001                       : YES
Auto BRAM Packing                  : NO
Slice Utilization Ratio Delta      : 5

=========================================================================


=========================================================================
*                          HDL Compilation                              *
=========================================================================
Compiling vhdl file "C:/Users/s246132/Xilinx_Projects/MyFPGAProject/Calc_Projekt/std_8bit_reg.vhd" in Library work.
Architecture behavioral of Entity std_8bit_reg is up to date.
Compiling vhdl file "C:/Users/s246132/Xilinx_Projects/MyFPGAProject/Calc_Projekt/std_16bit_reg.vhd" in Library work.
Architecture behavioral of Entity std_16bit_reg is up to date.
Compiling vhdl file "C:/Users/s246132/Xilinx_Projects/MyFPGAProject/Calc_Projekt/Calc_Menu.vhd" in Library work.
Entity <calc_menu> compiled.
Entity <calc_menu> (Architecture <behavioral>) compiled.

=========================================================================
*                     Design Hierarchy Analysis                         *
=========================================================================
Analyzing hierarchy for entity <Calc_Menu> in library <work> (architecture <behavioral>).

Analyzing hierarchy for entity <std_8bit_reg> in library <work> (architecture <Behavioral>).

Analyzing hierarchy for entity <std_16bit_reg> in library <work> (architecture <Behavioral>).


=========================================================================
*                            HDL Analysis                               *
=========================================================================
Analyzing Entity <Calc_Menu> in library <work> (Architecture <behavioral>).
Entity <Calc_Menu> analyzed. Unit <Calc_Menu> generated.

Analyzing Entity <std_8bit_reg> in library <work> (Architecture <Behavioral>).
Entity <std_8bit_reg> analyzed. Unit <std_8bit_reg> generated.

Analyzing Entity <std_16bit_reg> in library <work> (Architecture <Behavioral>).
Entity <std_16bit_reg> analyzed. Unit <std_16bit_reg> generated.


=========================================================================
*                           HDL Synthesis                               *
=========================================================================

Performing bidirectional port resolution...

Synthesizing Unit <std_8bit_reg>.
    Related source file is "C:/Users/s246132/Xilinx_Projects/MyFPGAProject/Calc_Projekt/std_8bit_reg.vhd".
    Found 8-bit register for signal <data_out>.
    Summary:
	inferred   8 D-type flip-flop(s).
Unit <std_8bit_reg> synthesized.


Synthesizing Unit <std_16bit_reg>.
    Related source file is "C:/Users/s246132/Xilinx_Projects/MyFPGAProject/Calc_Projekt/std_16bit_reg.vhd".
    Found 16-bit register for signal <data_out>.
    Summary:
	inferred  16 D-type flip-flop(s).
Unit <std_16bit_reg> synthesized.


Synthesizing Unit <Calc_Menu>.
    Related source file is "C:/Users/s246132/Xilinx_Projects/MyFPGAProject/Calc_Projekt/Calc_Menu.vhd".
    Found finite state machine <FSM_0> for signal <state>.
    -----------------------------------------------------------------------
    | States             | 14                                             |
    | Transitions        | 32                                             |
    | Inputs             | 4                                              |
    | Outputs            | 14                                             |
    | Clock              | Clk                       (rising_edge)        |
    | Reset              | Reset                     (positive)           |
    | Reset type         | asynchronous                                   |
    | Reset State        | a                                              |
    | Power Up State     | a                                              |
    | Encoding           | automatic                                      |
    | Implementation     | LUT                                            |
    -----------------------------------------------------------------------
INFO:Xst:2117 - HDL ADVISOR - Mux Selector <DispSel> of Case statement line 0 was re-encoded using one-hot encoding. The case statement will be optimized (default statement optimization), but this optimization may lead to design initialization problems. To ensure the design works safely, you can:
   	- add an 'INIT' attribute on signal <DispSel> (optimization is then done without any risk)
   	- use the attribute 'signal_encoding user' to avoid onehot optimization
   	- use the attribute 'safe_implementation yes' to force XST to perform a safe (but less efficient) optimization
    Using one-hot encoding for signal <DispSel>.
    Summary:
	inferred   1 Finite State Machine(s).
Unit <Calc_Menu> synthesized.


=========================================================================
HDL Synthesis Report

Macro Statistics
# Registers                                            : 6
 16-bit register                                       : 1
 8-bit register                                        : 5

=========================================================================

=========================================================================
*                       Advanced HDL Synthesis                          *
=========================================================================

Analyzing FSM <FSM_0> for best encoding.
Optimizing FSM <state/FSM> on signal <state[1:14]> with one-hot encoding.
-------------------------
 State | Encoding
-------------------------
 a     | 00000000000001
 b     | 00000000000010
 c     | 00000000010000
 d     | 00000001000000
 e     | 00000100000000
 f     | 00000000001000
 g     | 00100000000000
 h     | 01000000000000
 i     | 10000000000000
 val1  | 00000000000100
 op1   | 00000000100000
 val2  | 00000010000000
 op2   | 00001000000000
 val3  | 00010000000000
-------------------------

=========================================================================
Advanced HDL Synthesis Report

Macro Statistics
# FSMs                                                 : 1
# Registers                                            : 56
 Flip-Flops                                            : 56

=========================================================================

=========================================================================
*                         Low Level Synthesis                           *
=========================================================================

Optimizing unit <Calc_Menu> ...

Optimizing unit <std_8bit_reg> ...

Optimizing unit <std_16bit_reg> ...

Mapping all equations...
Building and optimizing final netlist ...
Found area constraint ratio of 100 (+ 5) on block Calc_Menu, actual ratio is 5.
FlipFlop state_FSM_FFd6 has been replicated 1 time(s)

Final Macro Processing ...

=========================================================================
Final Register Report

Macro Statistics
# Registers                                            : 71
 Flip-Flops                                            : 71

=========================================================================

=========================================================================
*                           Partition Report                            *
=========================================================================

Partition Implementation Status
-------------------------------

  No Partitions were found in this design.

-------------------------------

=========================================================================
*                            Final Report                               *
=========================================================================
Final Results
RTL Top Level Output File Name     : Calc_Menu.ngr
Top Level Output File Name         : Calc_Menu
Output Format                      : NGC
Optimization Goal                  : Speed
Keep Hierarchy                     : No

Design Statistics
# IOs                              : 66

Cell Usage :
# BELS                             : 89
#      LUT2                        : 8
#      LUT3                        : 35
#      LUT3_L                      : 6
#      LUT4                        : 37
#      MUXF5                       : 2
#      VCC                         : 1
# FlipFlops/Latches                : 71
#      FDC                         : 14
#      FDCE                        : 56
#      FDP                         : 1
# Clock Buffers                    : 1
#      BUFGP                       : 1
# IO Buffers                       : 65
#      IBUF                        : 29
#      OBUF                        : 36
=========================================================================

Device utilization summary:
---------------------------

Selected Device : 3s100ecp132-4 

 Number of Slices:                       49  out of    960     5%  
 Number of Slice Flip Flops:             71  out of   1920     3%  
 Number of 4 input LUTs:                 86  out of   1920     4%  
 Number of IOs:                          66
 Number of bonded IOBs:                  66  out of     83    79%  
 Number of GCLKs:                         1  out of     24     4%  

---------------------------
Partition Resource Summary:
---------------------------

  No Partitions were found in this design.

---------------------------


=========================================================================
TIMING REPORT

NOTE: THESE TIMING NUMBERS ARE ONLY A SYNTHESIS ESTIMATE.
      FOR ACCURATE TIMING INFORMATION PLEASE REFER TO THE TRACE REPORT
      GENERATED AFTER PLACE-and-ROUTE.

Clock Information:
------------------
-----------------------------------+------------------------+-------+
Clock Signal                       | Clock buffer(FF name)  | Load  |
-----------------------------------+------------------------+-------+
Clk                                | BUFGP                  | 71    |
-----------------------------------+------------------------+-------+

Asynchronous Control Signals Information:
----------------------------------------
-----------------------------------+------------------------+-------+
Control Signal                     | Buffer(FF name)        | Load  |
-----------------------------------+------------------------+-------+
Reset                              | IBUF                   | 71    |
-----------------------------------+------------------------+-------+

Timing Summary:
---------------
Speed Grade: -4

   Minimum period: 3.940ns (Maximum Frequency: 253.807MHz)
   Minimum input arrival time before clock: 4.547ns
   Maximum output required time after clock: 7.461ns
   Maximum combinational path delay: No path found

Timing Detail:
--------------
All values displayed in nanoseconds (ns)

=========================================================================
Timing constraint: Default period analysis for Clock 'Clk'
  Clock period: 3.940ns (frequency: 253.807MHz)
  Total number of paths / destination ports: 92 / 71
-------------------------------------------------------------------------
Delay:               3.940ns (Levels of Logic = 2)
  Source:            state_FSM_FFd13 (FF)
  Destination:       state_FSM_FFd11 (FF)
  Source Clock:      Clk rising
  Destination Clock: Clk rising

  Data Path: state_FSM_FFd13 to state_FSM_FFd11
                                Gate     Net
    Cell:in->out      fanout   Delay   Delay  Logical Name (Net Name)
    ----------------------------------------  ------------
     FDC:C->Q             16   0.591   1.209  state_FSM_FFd13 (state_FSM_FFd13)
     LUT2:I0->O            1   0.704   0.424  state_FSM_FFd11-In3 (state_FSM_FFd11-In3)
     LUT4:I3->O            1   0.704   0.000  state_FSM_FFd11-In30 (state_FSM_FFd11-In)
     FDC:D                     0.308          state_FSM_FFd11
    ----------------------------------------
    Total                      3.940ns (2.307ns logic, 1.633ns route)
                                       (58.6% logic, 41.4% route)

=========================================================================
Timing constraint: Default OFFSET IN BEFORE for Clock 'Clk'
  Total number of paths / destination ports: 93 / 71
-------------------------------------------------------------------------
Offset:              4.547ns (Levels of Logic = 3)
  Source:            Enter (PAD)
  Destination:       state_FSM_FFd11 (FF)
  Destination Clock: Clk rising

  Data Path: Enter to state_FSM_FFd11
                                Gate     Net
    Cell:in->out      fanout   Delay   Delay  Logical Name (Net Name)
    ----------------------------------------  ------------
     IBUF:I->O            13   1.218   1.018  Enter_IBUF (Enter_IBUF)
     LUT3:I2->O            1   0.704   0.595  state_FSM_FFd11-In18 (state_FSM_FFd11-In18)
     LUT4:I0->O            1   0.704   0.000  state_FSM_FFd11-In30 (state_FSM_FFd11-In)
     FDC:D                     0.308          state_FSM_FFd11
    ----------------------------------------
    Total                      4.547ns (2.934ns logic, 1.613ns route)
                                       (64.5% logic, 35.5% route)

=========================================================================
Timing constraint: Default OFFSET OUT AFTER for Clock 'Clk'
  Total number of paths / destination ports: 187 / 36
-------------------------------------------------------------------------
Offset:              7.461ns (Levels of Logic = 3)
  Source:            state_FSM_FFd10 (FF)
  Destination:       DispData<7> (PAD)
  Source Clock:      Clk rising

  Data Path: state_FSM_FFd10 to DispData<7>
                                Gate     Net
    Cell:in->out      fanout   Delay   Delay  Logical Name (Net Name)
    ----------------------------------------  ------------
     FDC:C->Q             14   0.591   1.175  state_FSM_FFd10 (state_FSM_FFd10)
     LUT4:I0->O            1   0.704   0.595  DispData<7>4 (DispData<7>4)
     LUT3:I0->O            1   0.704   0.420  DispData<7>23 (DispData_7_OBUF)
     OBUF:I->O                 3.272          DispData_7_OBUF (DispData<7>)
    ----------------------------------------
    Total                      7.461ns (5.271ns logic, 2.190ns route)
                                       (70.6% logic, 29.4% route)

=========================================================================


Total REAL time to Xst completion: 5.00 secs
Total CPU time to Xst completion: 4.95 secs
 
--> 

Total memory usage is 4510836 kilobytes

Number of errors   :    0 (   0 filtered)
Number of warnings :    0 (   0 filtered)
Number of infos    :    1 (   0 filtered)

