Release 14.1 - xst P.15xf (nt64)
Copyright (c) 1995-2012 Xilinx, Inc.  All rights reserved.
--> Parameter TMPDIR set to xst/projnav.tmp


Total REAL time to Xst completion: 0.00 secs
Total CPU time to Xst completion: 0.12 secs
 
--> Parameter xsthdpdir set to xst


Total REAL time to Xst completion: 0.00 secs
Total CPU time to Xst completion: 0.12 secs
 
--> Reading design: Calc_Top.prj

TABLE OF CONTENTS
  1) Synthesis Options Summary
  2) HDL Compilation
  3) Design Hierarchy Analysis
  4) HDL Analysis
  5) HDL Synthesis
     5.1) HDL Synthesis Report
  6) Advanced HDL Synthesis
     6.1) Advanced HDL Synthesis Report
  7) Low Level Synthesis
  8) Partition Report
  9) Final Report
	9.1) Device utilization summary
	9.2) Partition Resource Summary
	9.3) TIMING REPORT


=========================================================================
*                      Synthesis Options Summary                        *
=========================================================================
---- Source Parameters
Input File Name                    : "Calc_Top.prj"
Input Format                       : mixed
Ignore Synthesis Constraint File   : NO

---- Target Parameters
Output File Name                   : "Calc_Top"
Output Format                      : NGC
Target Device                      : xc3s100e-4-cp132

---- Source Options
Top Module Name                    : Calc_Top
Automatic FSM Extraction           : YES
FSM Encoding Algorithm             : Auto
Safe Implementation                : No
FSM Style                          : LUT
RAM Extraction                     : Yes
RAM Style                          : Auto
ROM Extraction                     : Yes
Mux Style                          : Auto
Decoder Extraction                 : YES
Priority Encoder Extraction        : Yes
Shift Register Extraction          : YES
Logical Shifter Extraction         : YES
XOR Collapsing                     : YES
ROM Style                          : Auto
Mux Extraction                     : Yes
Resource Sharing                   : YES
Asynchronous To Synchronous        : NO
Multiplier Style                   : Auto
Automatic Register Balancing       : No

---- Target Options
Add IO Buffers                     : YES
Global Maximum Fanout              : 100000
Add Generic Clock Buffer(BUFG)     : 24
Register Duplication               : YES
Slice Packing                      : YES
Optimize Instantiated Primitives   : NO
Use Clock Enable                   : Yes
Use Synchronous Set                : Yes
Use Synchronous Reset              : Yes
Pack IO Registers into IOBs        : Auto
Equivalent register Removal        : YES

---- General Options
Optimization Goal                  : Speed
Optimization Effort                : 1
Keep Hierarchy                     : No
Netlist Hierarchy                  : As_Optimized
RTL Output                         : Yes
Global Optimization                : AllClockNets
Read Cores                         : YES
Write Timing Constraints           : NO
Cross Clock Analysis               : NO
Hierarchy Separator                : /
Bus Delimiter                      : <>
Case Specifier                     : Maintain
Slice Utilization Ratio            : 100
BRAM Utilization Ratio             : 100
Verilog 2001                       : YES
Auto BRAM Packing                  : NO
Slice Utilization Ratio Delta      : 5

=========================================================================


=========================================================================
*                          HDL Compilation                              *
=========================================================================
Compiling vhdl file "C:/Users/s246132/Xilinx_Projects/MyFPGAProject/Calc_Projekt/div_compoent.vhd" in Library work.
Architecture behavioral of Entity div_component is up to date.
Compiling vhdl file "C:/Users/s246132/Xilinx_Projects/MyFPGAProject/Calc_Projekt/std_8bit_reg.vhd" in Library work.
Architecture behavioral of Entity std_8bit_reg is up to date.
Compiling vhdl file "C:/Users/s246132/Xilinx_Projects/MyFPGAProject/Calc_Projekt/std_16bit_reg.vhd" in Library work.
Architecture behavioral of Entity std_16bit_reg is up to date.
Compiling vhdl file "C:/Users/s246132/Xilinx_Projects/MyFPGAProject/Calc_Projekt/DivClk.vhd" in Library work.
Architecture divclk_arch of Entity divclk is up to date.
Compiling vhdl file "C:/Users/s246132/Xilinx_Projects/MyFPGAProject/Calc_Projekt/SevenSeg4.vhd" in Library work.
Architecture sevenseg_arch of Entity sevenseg4 is up to date.
Compiling vhdl file "C:/Users/s246132/Xilinx_Projects/MyFPGAProject/Calc_Projekt/Debounce_corrected.vhd" in Library work.
Architecture behavioral of Entity debounce is up to date.
Compiling vhdl file "C:/Users/s246132/Xilinx_Projects/MyFPGAProject/Calc_Projekt/Calc_Menu.vhd" in Library work.
Entity <calc_menu> compiled.
Entity <calc_menu> (Architecture <behavioral>) compiled.
Compiling vhdl file "C:/Users/s246132/Xilinx_Projects/MyFPGAProject/Calc_Projekt/Calc_data_topmudule.vhd" in Library work.
Architecture behavioral of Entity calc_data_topmudule is up to date.
Compiling vhdl file "C:/Users/s246132/Xilinx_Projects/MyFPGAProject/Calc_Projekt/Calc_top.vhd" in Library work.
Architecture behavioral of Entity calc_top is up to date.

=========================================================================
*                     Design Hierarchy Analysis                         *
=========================================================================
Analyzing hierarchy for entity <Calc_Top> in library <work> (architecture <behavioral>).

Analyzing hierarchy for entity <DivClk> in library <work> (architecture <DivClk_arch>).

Analyzing hierarchy for entity <SevenSeg4> in library <work> (architecture <SevenSeg_arch>).

Analyzing hierarchy for entity <Debounce> in library <work> (architecture <Behavioral>).

Analyzing hierarchy for entity <Calc_Menu> in library <work> (architecture <Behavioral>).

Analyzing hierarchy for entity <Calc_data_topmudule> in library <work> (architecture <Behavioral>).

Analyzing hierarchy for entity <std_8bit_reg> in library <work> (architecture <Behavioral>).

Analyzing hierarchy for entity <std_16bit_reg> in library <work> (architecture <Behavioral>).

Analyzing hierarchy for entity <div_component> in library <work> (architecture <behavioral>).


=========================================================================
*                            HDL Analysis                               *
=========================================================================
Analyzing Entity <Calc_Top> in library <work> (Architecture <behavioral>).
Entity <Calc_Top> analyzed. Unit <Calc_Top> generated.

Analyzing Entity <DivClk> in library <work> (Architecture <DivClk_arch>).
Entity <DivClk> analyzed. Unit <DivClk> generated.

Analyzing Entity <SevenSeg4> in library <work> (Architecture <SevenSeg_arch>).
Entity <SevenSeg4> analyzed. Unit <SevenSeg4> generated.

Analyzing Entity <Debounce> in library <work> (Architecture <Behavioral>).
Entity <Debounce> analyzed. Unit <Debounce> generated.

Analyzing Entity <Calc_Menu> in library <work> (Architecture <Behavioral>).
Entity <Calc_Menu> analyzed. Unit <Calc_Menu> generated.

Analyzing Entity <std_8bit_reg> in library <work> (Architecture <Behavioral>).
Entity <std_8bit_reg> analyzed. Unit <std_8bit_reg> generated.

Analyzing Entity <std_16bit_reg> in library <work> (Architecture <Behavioral>).
Entity <std_16bit_reg> analyzed. Unit <std_16bit_reg> generated.

Analyzing Entity <Calc_data_topmudule> in library <work> (Architecture <Behavioral>).
Entity <Calc_data_topmudule> analyzed. Unit <Calc_data_topmudule> generated.

Analyzing Entity <div_component> in library <work> (Architecture <behavioral>).
Entity <div_component> analyzed. Unit <div_component> generated.


=========================================================================
*                           HDL Synthesis                               *
=========================================================================

Performing bidirectional port resolution...

Synthesizing Unit <DivClk>.
    Related source file is "C:/Users/s246132/Xilinx_Projects/MyFPGAProject/Calc_Projekt/DivClk.vhd".
    Found 1-bit register for signal <Clk1_D>.
    Found 25-bit up counter for signal <Cnt1>.
    Summary:
	inferred   1 Counter(s).
	inferred   1 D-type flip-flop(s).
Unit <DivClk> synthesized.


Synthesizing Unit <SevenSeg4>.
    Related source file is "C:/Users/s246132/Xilinx_Projects/MyFPGAProject/Calc_Projekt/SevenSeg4.vhd".
    Found 16x7-bit ROM for signal <cat>.
    Found 1-of-4 decoder for signal <an>.
    Found 4-bit 4-to-1 multiplexer for signal <DataN>.
    Found 2-bit up counter for signal <DispCount>.
    Summary:
	inferred   1 ROM(s).
	inferred   1 Counter(s).
	inferred   4 Multiplexer(s).
	inferred   1 Decoder(s).
Unit <SevenSeg4> synthesized.


Synthesizing Unit <Debounce>.
    Related source file is "C:/Users/s246132/Xilinx_Projects/MyFPGAProject/Calc_Projekt/Debounce_corrected.vhd".
    Found 1-bit register for signal <BTNa>.
    Found 1-bit register for signal <BTNb>.
    Found 1-bit xor2 for signal <BTNp>.
    Found 17-bit register for signal <Count>.
    Found 17-bit adder for signal <Count$addsub0000> created at line 77.
    Found 1-bit register for signal <Cout1>.
    Found 17-bit comparator less for signal <Cout1$cmp_lt0000> created at line 79.
    Found 1-bit register for signal <Cout2>.
    Summary:
	inferred  21 D-type flip-flop(s).
	inferred   1 Adder/Subtractor(s).
	inferred   1 Comparator(s).
Unit <Debounce> synthesized.


Synthesizing Unit <std_8bit_reg>.
    Related source file is "C:/Users/s246132/Xilinx_Projects/MyFPGAProject/Calc_Projekt/std_8bit_reg.vhd".
    Found 8-bit register for signal <data_out>.
    Summary:
	inferred   8 D-type flip-flop(s).
Unit <std_8bit_reg> synthesized.


Synthesizing Unit <std_16bit_reg>.
    Related source file is "C:/Users/s246132/Xilinx_Projects/MyFPGAProject/Calc_Projekt/std_16bit_reg.vhd".
    Found 16-bit register for signal <data_out>.
    Summary:
	inferred  16 D-type flip-flop(s).
Unit <std_16bit_reg> synthesized.


Synthesizing Unit <div_component>.
    Related source file is "C:/Users/s246132/Xilinx_Projects/MyFPGAProject/Calc_Projekt/div_compoent.vhd".
WARNING:Xst:1780 - Signal <reset> is never used or assigned. This unconnected signal will be trimmed during the optimization process.
    Found 1-bit register for signal <aktiv>.
    Found 5-bit comparator less for signal <aktiv$cmp_lt0000> created at line 127.
    Found 5-bit up counter for signal <counter>.
    Found 5-bit comparator greatequal for signal <counter$cmp_ge0000> created at line 127.
    Found 32-bit register for signal <Div_reg>.
    Found 32-bit register for signal <Dividend>.
    Found 32-bit subtractor for signal <Dividend$addsub0000> created at line 92.
    Found 32-bit comparator less for signal <Dividend$cmp_lt0000> created at line 89.
    Found 24-bit register for signal <Divisor>.
    Found 24-bit register for signal <Dsor_reg>.
    Found 1-bit register for signal <intdone>.
    Found 1-bit register for signal <ResLSB>.
    Found 16-bit register for signal <Resultat>.
    Summary:
	inferred   1 Counter(s).
	inferred 131 D-type flip-flop(s).
	inferred   1 Adder/Subtractor(s).
	inferred   3 Comparator(s).
Unit <div_component> synthesized.


Synthesizing Unit <Calc_Menu>.
    Related source file is "C:/Users/s246132/Xilinx_Projects/MyFPGAProject/Calc_Projekt/Calc_Menu.vhd".
    Found finite state machine <FSM_0> for signal <state>.
    -----------------------------------------------------------------------
    | States             | 16                                             |
    | Transitions        | 34                                             |
    | Inputs             | 4                                              |
    | Outputs            | 16                                             |
    | Clock              | Clk                       (rising_edge)        |
    | Reset              | Reset                     (positive)           |
    | Reset type         | asynchronous                                   |
    | Reset State        | a                                              |
    | Power Up State     | a                                              |
    | Encoding           | automatic                                      |
    | Implementation     | LUT                                            |
    -----------------------------------------------------------------------
INFO:Xst:2117 - HDL ADVISOR - Mux Selector <DispSel> of Case statement line 0 was re-encoded using one-hot encoding. The case statement will be optimized (default statement optimization), but this optimization may lead to design initialization problems. To ensure the design works safely, you can:
   	- add an 'INIT' attribute on signal <DispSel> (optimization is then done without any risk)
   	- use the attribute 'signal_encoding user' to avoid onehot optimization
   	- use the attribute 'safe_implementation yes' to force XST to perform a safe (but less efficient) optimization
    Using one-hot encoding for signal <DispSel>.
    Summary:
	inferred   1 Finite State Machine(s).
Unit <Calc_Menu> synthesized.


Synthesizing Unit <Calc_data_topmudule>.
    Related source file is "C:/Users/s246132/Xilinx_Projects/MyFPGAProject/Calc_Projekt/Calc_data_topmudule.vhd".
WARNING:Xst:643 - "C:/Users/s246132/Xilinx_Projects/MyFPGAProject/Calc_Projekt/Calc_data_topmudule.vhd" line 83: The result of a 16x16-bit multiplication is partially used. Only the 16 least significant bits are used. If you are doing this on purpose, you may safely ignore this warning. Otherwise, make sure you are not losing information, leading to unexpected circuit behavior.
    Found 1-bit register for signal <done>.
    Found 16-bit register for signal <Calc_val>.
    Found 16-bit register for signal <ResGan>.
    Found 16x16-bit multiplier for signal <ResGan$mult0001> created at line 83.
    Found 16-bit register for signal <ResMin>.
    Found 16-bit subtractor for signal <ResMin$sub0000> created at line 82.
    Found 16-bit register for signal <ResPlu>.
    Found 16-bit adder for signal <ResPlu$add0000> created at line 81.
    Summary:
	inferred  65 D-type flip-flop(s).
	inferred   2 Adder/Subtractor(s).
	inferred   1 Multiplier(s).
Unit <Calc_data_topmudule> synthesized.


Synthesizing Unit <Calc_Top>.
    Related source file is "C:/Users/s246132/Xilinx_Projects/MyFPGAProject/Calc_Projekt/Calc_top.vhd".
Unit <Calc_Top> synthesized.


=========================================================================
HDL Synthesis Report

Macro Statistics
# ROMs                                                 : 1
 16x7-bit ROM                                          : 1
# Multipliers                                          : 1
 16x16-bit multiplier                                  : 1
# Adders/Subtractors                                   : 5
 16-bit adder                                          : 1
 16-bit subtractor                                     : 1
 17-bit adder                                          : 2
 32-bit subtractor                                     : 1
# Counters                                             : 3
 2-bit up counter                                      : 1
 25-bit up counter                                     : 1
 5-bit up counter                                      : 1
# Registers                                            : 30
 1-bit register                                        : 13
 16-bit register                                       : 6
 17-bit register                                       : 2
 24-bit register                                       : 2
 32-bit register                                       : 2
 8-bit register                                        : 5
# Comparators                                          : 5
 17-bit comparator less                                : 2
 32-bit comparator less                                : 1
 5-bit comparator greatequal                           : 1
 5-bit comparator less                                 : 1
# Multiplexers                                         : 1
 4-bit 4-to-1 multiplexer                              : 1
# Decoders                                             : 1
 1-of-4 decoder                                        : 1
# Xors                                                 : 2
 1-bit xor2                                            : 2

=========================================================================

=========================================================================
*                       Advanced HDL Synthesis                          *
=========================================================================

Analyzing FSM <FSM_0> for best encoding.
Optimizing FSM <U5/state/FSM> on signal <state[1:16]> with one-hot encoding.
---------------------------
 State | Encoding
---------------------------
 a     | 0000000000000001
 b     | 0000000000000010
 c     | 0000000000010000
 d     | 0000000001000000
 e     | 0000000100000000
 f     | 0000000000001000
 g     | 0000100000000000
 h     | 0001000000000000
 i     | 0010000000000000
 j     | 0100000000000000
 k     | 1000000000000000
 val1  | 0000000000000100
 val2  | 0000000010000000
 val3  | 0000010000000000
 op1   | 0000000000100000
 op2   | 0000001000000000
---------------------------
INFO:Xst:2261 - The FF/Latch <Dsor_reg_0> in Unit <u1> is equivalent to the following 31 FFs/Latches, which will be removed : <Dsor_reg_1> <Dsor_reg_2> <Dsor_reg_3> <Dsor_reg_4> <Dsor_reg_5> <Dsor_reg_6> <Dsor_reg_7> <Dsor_reg_8> <Dsor_reg_9> <Dsor_reg_10> <Dsor_reg_11> <Dsor_reg_12> <Dsor_reg_13> <Dsor_reg_14> <Dsor_reg_15> <Div_reg_16> <Div_reg_17> <Div_reg_18> <Div_reg_19> <Div_reg_20> <Div_reg_21> <Div_reg_22> <Div_reg_23> <Div_reg_24> <Div_reg_25> <Div_reg_26> <Div_reg_27> <Div_reg_28> <Div_reg_29> <Div_reg_30> <Div_reg_31> 
WARNING:Xst:1710 - FF/Latch <Dsor_reg_0> (without init value) has a constant value of 0 in block <u1>. This FF/Latch will be trimmed during the optimization process.
WARNING:Xst:2404 -  FFs/Latches <Div_reg<31:16>> (without init value) have a constant value of 0 in block <div_component>.

Synthesizing (advanced) Unit <Calc_data_topmudule>.
	Found pipelined multiplier on signal <ResGan_mult0001>:
		- 1 pipeline level(s) found in a register connected to the multiplier macro output.
		Pushing register(s) into the multiplier macro.
Unit <Calc_data_topmudule> synthesized (advanced).

=========================================================================
Advanced HDL Synthesis Report

Macro Statistics
# FSMs                                                 : 1
# ROMs                                                 : 1
 16x7-bit ROM                                          : 1
# Multipliers                                          : 1
 16x9-bit registered multiplier                        : 1
# Adders/Subtractors                                   : 5
 16-bit adder                                          : 1
 16-bit subtractor                                     : 1
 17-bit adder                                          : 2
 32-bit subtractor                                     : 1
# Counters                                             : 3
 2-bit up counter                                      : 1
 25-bit up counter                                     : 1
 5-bit up counter                                      : 1
# Registers                                            : 263
 Flip-Flops                                            : 263
# Comparators                                          : 5
 17-bit comparator less                                : 2
 32-bit comparator less                                : 1
 5-bit comparator greatequal                           : 1
 5-bit comparator less                                 : 1
# Multiplexers                                         : 1
 4-bit 4-to-1 multiplexer                              : 1
# Decoders                                             : 1
 1-of-4 decoder                                        : 1
# Xors                                                 : 2
 1-bit xor2                                            : 2

=========================================================================

=========================================================================
*                         Low Level Synthesis                           *
=========================================================================
WARNING:Xst:1710 - FF/Latch <Dsor_reg_0> (without init value) has a constant value of 0 in block <div_component>. This FF/Latch will be trimmed during the optimization process.
WARNING:Xst:1895 - Due to other FF/Latch trimming, FF/Latch <Dsor_reg_1> (without init value) has a constant value of 0 in block <div_component>. This FF/Latch will be trimmed during the optimization process.
WARNING:Xst:1895 - Due to other FF/Latch trimming, FF/Latch <Dsor_reg_2> (without init value) has a constant value of 0 in block <div_component>. This FF/Latch will be trimmed during the optimization process.
WARNING:Xst:1895 - Due to other FF/Latch trimming, FF/Latch <Dsor_reg_3> (without init value) has a constant value of 0 in block <div_component>. This FF/Latch will be trimmed during the optimization process.
WARNING:Xst:1895 - Due to other FF/Latch trimming, FF/Latch <Dsor_reg_4> (without init value) has a constant value of 0 in block <div_component>. This FF/Latch will be trimmed during the optimization process.
WARNING:Xst:1895 - Due to other FF/Latch trimming, FF/Latch <Dsor_reg_5> (without init value) has a constant value of 0 in block <div_component>. This FF/Latch will be trimmed during the optimization process.
WARNING:Xst:1895 - Due to other FF/Latch trimming, FF/Latch <Dsor_reg_6> (without init value) has a constant value of 0 in block <div_component>. This FF/Latch will be trimmed during the optimization process.
WARNING:Xst:1895 - Due to other FF/Latch trimming, FF/Latch <Dsor_reg_7> (without init value) has a constant value of 0 in block <div_component>. This FF/Latch will be trimmed during the optimization process.
WARNING:Xst:1895 - Due to other FF/Latch trimming, FF/Latch <Dsor_reg_8> (without init value) has a constant value of 0 in block <div_component>. This FF/Latch will be trimmed during the optimization process.
WARNING:Xst:1895 - Due to other FF/Latch trimming, FF/Latch <Dsor_reg_9> (without init value) has a constant value of 0 in block <div_component>. This FF/Latch will be trimmed during the optimization process.
WARNING:Xst:1895 - Due to other FF/Latch trimming, FF/Latch <Dsor_reg_10> (without init value) has a constant value of 0 in block <div_component>. This FF/Latch will be trimmed during the optimization process.
WARNING:Xst:1895 - Due to other FF/Latch trimming, FF/Latch <Dsor_reg_11> (without init value) has a constant value of 0 in block <div_component>. This FF/Latch will be trimmed during the optimization process.
WARNING:Xst:1895 - Due to other FF/Latch trimming, FF/Latch <Dsor_reg_12> (without init value) has a constant value of 0 in block <div_component>. This FF/Latch will be trimmed during the optimization process.
WARNING:Xst:1895 - Due to other FF/Latch trimming, FF/Latch <Dsor_reg_13> (without init value) has a constant value of 0 in block <div_component>. This FF/Latch will be trimmed during the optimization process.
WARNING:Xst:1895 - Due to other FF/Latch trimming, FF/Latch <Dsor_reg_14> (without init value) has a constant value of 0 in block <div_component>. This FF/Latch will be trimmed during the optimization process.
WARNING:Xst:1895 - Due to other FF/Latch trimming, FF/Latch <Dsor_reg_15> (without init value) has a constant value of 0 in block <div_component>. This FF/Latch will be trimmed during the optimization process.

Optimizing unit <Calc_Top> ...

Optimizing unit <Debounce> ...

Optimizing unit <std_8bit_reg> ...

Optimizing unit <std_16bit_reg> ...

Optimizing unit <div_component> ...

Optimizing unit <Calc_Menu> ...

Optimizing unit <Calc_data_topmudule> ...

Mapping all equations...
Building and optimizing final netlist ...
Found area constraint ratio of 100 (+ 5) on block Calc_Top, actual ratio is 27.
FlipFlop U5/state_FSM_FFd1 has been replicated 1 time(s)

Final Macro Processing ...

=========================================================================
Final Register Report

Macro Statistics
# Registers                                            : 296
 Flip-Flops                                            : 296

=========================================================================

=========================================================================
*                           Partition Report                            *
=========================================================================

Partition Implementation Status
-------------------------------

  No Partitions were found in this design.

-------------------------------

=========================================================================
*                            Final Report                               *
=========================================================================
Final Results
RTL Top Level Output File Name     : Calc_Top.ngr
Top Level Output File Name         : Calc_Top
Output Format                      : NGC
Optimization Goal                  : Speed
Keep Hierarchy                     : No

Design Statistics
# IOs                              : 32

Cell Usage :
# BELS                             : 762
#      GND                         : 1
#      INV                         : 14
#      LUT1                        : 57
#      LUT2                        : 139
#      LUT2_D                      : 2
#      LUT2_L                      : 1
#      LUT3                        : 67
#      LUT3_D                      : 2
#      LUT3_L                      : 3
#      LUT4                        : 163
#      LUT4_D                      : 1
#      LUT4_L                      : 1
#      MUXCY                       : 164
#      MUXF5                       : 23
#      VCC                         : 1
#      XORCY                       : 123
# FlipFlops/Latches                : 296
#      FD                          : 23
#      FDC                         : 85
#      FDCE                        : 57
#      FDE                         : 121
#      FDP                         : 1
#      FDR                         : 1
#      FDRE                        : 6
#      FDS                         : 1
#      FDSE                        : 1
# Clock Buffers                    : 1
#      BUFGP                       : 1
# IO Buffers                       : 31
#      IBUF                        : 12
#      OBUF                        : 19
# MULTs                            : 1
#      MULT18X18SIO                : 1
=========================================================================

Device utilization summary:
---------------------------

Selected Device : 3s100ecp132-4 

 Number of Slices:                      261  out of    960    27%  
 Number of Slice Flip Flops:            296  out of   1920    15%  
 Number of 4 input LUTs:                450  out of   1920    23%  
 Number of IOs:                          32
 Number of bonded IOBs:                  32  out of     83    38%  
 Number of MULT18X18SIOs:                 1  out of      4    25%  
 Number of GCLKs:                         1  out of     24     4%  

---------------------------
Partition Resource Summary:
---------------------------

  No Partitions were found in this design.

---------------------------


=========================================================================
TIMING REPORT

NOTE: THESE TIMING NUMBERS ARE ONLY A SYNTHESIS ESTIMATE.
      FOR ACCURATE TIMING INFORMATION PLEASE REFER TO THE TRACE REPORT
      GENERATED AFTER PLACE-and-ROUTE.

Clock Information:
------------------
-----------------------------------+------------------------+-------+
Clock Signal                       | Clock buffer(FF name)  | Load  |
-----------------------------------+------------------------+-------+
MClk                               | BUFGP                  | 295   |
U1/Clk1_D                          | NONE(U2/DispCount_0)   | 2     |
-----------------------------------+------------------------+-------+
INFO:Xst:2169 - HDL ADVISOR - Some clock signals were not automatically buffered by XST with BUFG/BUFR resources. Please use the buffer_type constraint in order to insert these buffers to the clock signals to help prevent skew problems.

Asynchronous Control Signals Information:
----------------------------------------
-----------------------------------+------------------------+-------+
Control Signal                     | Buffer(FF name)        | Load  |
-----------------------------------+------------------------+-------+
BTN3                               | IBUF                   | 143   |
-----------------------------------+------------------------+-------+

Timing Summary:
---------------
Speed Grade: -4

   Minimum period: 8.547ns (Maximum Frequency: 116.999MHz)
   Minimum input arrival time before clock: 4.401ns
   Maximum output required time after clock: 10.657ns
   Maximum combinational path delay: No path found

Timing Detail:
--------------
All values displayed in nanoseconds (ns)

=========================================================================
Timing constraint: Default period analysis for Clock 'MClk'
  Clock period: 8.547ns (frequency: 116.999MHz)
  Total number of paths / destination ports: 11870 / 470
-------------------------------------------------------------------------
Delay:               8.547ns (Levels of Logic = 2)
  Source:            U5/state_FSM_FFd2 (FF)
  Destination:       U6/Mmult_ResGan_mult0001 (MULT)
  Source Clock:      MClk rising
  Destination Clock: MClk rising

  Data Path: U5/state_FSM_FFd2 to U6/Mmult_ResGan_mult0001
                                Gate     Net
    Cell:in->out      fanout   Delay   Delay  Logical Name (Net Name)
    ----------------------------------------  ------------
     FDC:C->Q              5   0.591   0.637  U5/state_FSM_FFd2 (U5/state_FSM_FFd2)
     LUT4:I3->O           41   0.704   1.344  U5/state_FSM_Out131_1 (U5/state_FSM_Out131)
     LUT2:I1->O            4   0.704   0.587  U5/In1<15>1 (In1<15>)
     MULT18X18SIO:A15          3.980          U6/Mmult_ResGan_mult0001
    ----------------------------------------
    Total                      8.547ns (5.979ns logic, 2.568ns route)
                                       (70.0% logic, 30.0% route)

=========================================================================
Timing constraint: Default period analysis for Clock 'U1/Clk1_D'
  Clock period: 3.023ns (frequency: 330.797MHz)
  Total number of paths / destination ports: 3 / 2
-------------------------------------------------------------------------
Delay:               3.023ns (Levels of Logic = 1)
  Source:            U2/DispCount_0 (FF)
  Destination:       U2/DispCount_0 (FF)
  Source Clock:      U1/Clk1_D rising
  Destination Clock: U1/Clk1_D rising

  Data Path: U2/DispCount_0 to U2/DispCount_0
                                Gate     Net
    Cell:in->out      fanout   Delay   Delay  Logical Name (Net Name)
    ----------------------------------------  ------------
     FDC:C->Q             14   0.591   1.000  U2/DispCount_0 (U2/DispCount_0)
     INV:I->O              1   0.704   0.420  U2/Mcount_DispCount_xor<0>11_INV_0 (U2/Mcount_DispCount)
     FDC:D                     0.308          U2/DispCount_0
    ----------------------------------------
    Total                      3.023ns (1.603ns logic, 1.420ns route)
                                       (53.0% logic, 47.0% route)

=========================================================================
Timing constraint: Default OFFSET IN BEFORE for Clock 'MClk'
  Total number of paths / destination ports: 53 / 53
-------------------------------------------------------------------------
Offset:              4.401ns (Levels of Logic = 3)
  Source:            BTN0 (PAD)
  Destination:       U5/state_FSM_FFd8 (FF)
  Destination Clock: MClk rising

  Data Path: BTN0 to U5/state_FSM_FFd8
                                Gate     Net
    Cell:in->out      fanout   Delay   Delay  Logical Name (Net Name)
    ----------------------------------------  ------------
     IBUF:I->O            11   1.218   1.012  BTN0_IBUF (BTN0_IBUF)
     LUT3:I1->O            1   0.704   0.455  U5/state_FSM_FFd8-In_SW0 (N12)
     LUT4:I2->O            1   0.704   0.000  U5/state_FSM_FFd8-In (U5/state_FSM_FFd8-In)
     FDC:D                     0.308          U5/state_FSM_FFd8
    ----------------------------------------
    Total                      4.401ns (2.934ns logic, 1.467ns route)
                                       (66.7% logic, 33.3% route)

=========================================================================
Timing constraint: Default OFFSET OUT AFTER for Clock 'U1/Clk1_D'
  Total number of paths / destination ports: 92 / 11
-------------------------------------------------------------------------
Offset:              8.070ns (Levels of Logic = 4)
  Source:            U2/DispCount_0 (FF)
  Destination:       Cat<6> (PAD)
  Source Clock:      U1/Clk1_D rising

  Data Path: U2/DispCount_0 to Cat<6>
                                Gate     Net
    Cell:in->out      fanout   Delay   Delay  Logical Name (Net Name)
    ----------------------------------------  ------------
     FDC:C->Q             14   0.591   1.175  U2/DispCount_0 (U2/DispCount_0)
     LUT3:I0->O            1   0.704   0.000  U2/Mmux_DataN_4 (U2/Mmux_DataN_4)
     MUXF5:I0->O           7   0.321   0.883  U2/Mmux_DataN_2_f5 (U2/DataN<0>)
     LUT4:I0->O            1   0.704   0.420  U2/Mrom_cat111 (Cat_1_OBUF)
     OBUF:I->O                 3.272          Cat_1_OBUF (Cat<1>)
    ----------------------------------------
    Total                      8.070ns (5.592ns logic, 2.478ns route)
                                       (69.3% logic, 30.7% route)

=========================================================================
Timing constraint: Default OFFSET OUT AFTER for Clock 'MClk'
  Total number of paths / destination ports: 883 / 15
-------------------------------------------------------------------------
Offset:              10.657ns (Levels of Logic = 6)
  Source:            U5/state_FSM_FFd1 (FF)
  Destination:       Cat<6> (PAD)
  Source Clock:      MClk rising

  Data Path: U5/state_FSM_FFd1 to Cat<6>
                                Gate     Net
    Cell:in->out      fanout   Delay   Delay  Logical Name (Net Name)
    ----------------------------------------  ------------
     FDC:C->Q             19   0.591   1.260  U5/state_FSM_FFd1 (U5/state_FSM_FFd1)
     LUT4:I0->O            1   0.704   0.595  U5/DispData<3>4 (U5/DispData<3>4)
     LUT3:I0->O            1   0.704   0.499  U5/DispData<3>23 (DispData<3>)
     LUT3:I1->O            1   0.704   0.000  U2/Mmux_DataN_43 (U2/Mmux_DataN_43)
     MUXF5:I0->O           7   0.321   0.883  U2/Mmux_DataN_2_f5_2 (U2/DataN<3>)
     LUT4:I0->O            1   0.704   0.420  U2/Mrom_cat21 (Cat_2_OBUF)
     OBUF:I->O                 3.272          Cat_2_OBUF (Cat<2>)
    ----------------------------------------
    Total                     10.657ns (7.000ns logic, 3.657ns route)
                                       (65.7% logic, 34.3% route)

=========================================================================


Total REAL time to Xst completion: 6.00 secs
Total CPU time to Xst completion: 6.03 secs
 
--> 

Total memory usage is 4527020 kilobytes

Number of errors   :    0 (   0 filtered)
Number of warnings :   20 (   0 filtered)
Number of infos    :    3 (   0 filtered)

