EN lysregul NULL "/home/mads/Xilinx_Projects/MyFPGAProject/PWM - VHDL-saw/PWM - VHDL/TopLys/LYSregul.vhd" sub00/vhpl02 1746734431
AR pwmmodule behavioral "/home/mads/Xilinx_Projects/MyFPGAProject/PWM - VHDL-saw/PWM - VHDL/TopLys/PWMmodule.vhd" sub00/vhpl01 1746734430
AR sawtooth behavioral "/home/mads/Xilinx_Projects/MyFPGAProject/PWM - VHDL-saw/PWM - VHDL/TopLys/Sawtooth.vhd" sub00/vhpl07 1746734434
EN pwmmodule NULL "/home/mads/Xilinx_Projects/MyFPGAProject/PWM - VHDL-saw/PWM - VHDL/TopLys/PWMmodule.vhd" sub00/vhpl00 1746734429
AR toplys behavioral "/home/mads/Xilinx_Projects/MyFPGAProject/PWM - VHDL-saw/PWM - VHDL/TopLys/TopLys.vhd" sub00/vhpl09 1746734436
EN sawtooth NULL "/home/mads/Xilinx_Projects/MyFPGAProject/PWM - VHDL-saw/PWM - VHDL/TopLys/Sawtooth.vhd" sub00/vhpl06 1746734433
AR lysregul behavioral "/home/mads/Xilinx_Projects/MyFPGAProject/PWM - VHDL-saw/PWM - VHDL/TopLys/LYSregul.vhd" sub00/vhpl05 1746734432
EN divclk NULL "/home/mads/Xilinx_Projects/MyFPGAProject/PWM - VHDL-saw/PWM - VHDL/TopLys/DivCLK.vhd" sub00/vhpl03 1746734427
EN toplys NULL "/home/mads/Xilinx_Projects/MyFPGAProject/PWM - VHDL-saw/PWM - VHDL/TopLys/TopLys.vhd" sub00/vhpl08 1746734435
AR divclk divclk_arch "/home/mads/Xilinx_Projects/MyFPGAProject/PWM - VHDL-saw/PWM - VHDL/TopLys/DivCLK.vhd" sub00/vhpl04 1746734428
